<html>
<body>
<pre>
<h1>µVision Build Log</h1>
<h2>Tool Versions:</h2>
IDE-Version: ¦ÌVision V5.37.0.0
Copyright (C) 2022 ARM Ltd and ARM Germany GmbH. All rights reserved.
License Information: zhcr spring, jjj, LIC=D0D7S-LTQ66-ARRXW-QA7MX-EBBKQ-Q6E0T
 
Tool Versions:
Toolchain:       MDK-ARM Plus  Version: 5.37.0.0
Toolchain Path:  C:\Keil_v537\ARM\ARMCLANG\Bin
C Compiler:      ArmClang.exe V6.18
Assembler:       Armasm.exe V6.18
Linker/Locator:  ArmLink.exe V6.18
Library Manager: ArmAr.exe V6.18
Hex Converter:   FromElf.exe V6.18
CPU DLL:         SARMCM3.DLL V5.37.0.0
Dialog DLL:      DCM.DLL V1.17.5.0
Target DLL:      CMSIS_AGDI.dll V1.33.12.0
Dialog DLL:      TCM.DLL V1.56.1.0
 
<h2>Project:</h2>
D:\SMonitor_src7\SMonitor_prj_20501_test\project\SMonitor.uvprojx
Project File Date:  03/15/2023

<h2>Output:</h2>
*** Using Compiler 'V6.18', folder: 'C:\Keil_v537\ARM\ARMCLANG\Bin'
Build target 'SMonitor flexspi_nor_debug'
compiling sai_interrupt_record_playback.c...
linking...
Program Size: Code=26082 RO-data=7002 RW-data=12 ZI-data=72152  
FromELF: creating hex file...
"flexspi_nor_debug\SMonitor.axf" - 0 Error(s), 0 Warning(s).

<h2>Software Packages used:</h2>

Package Vendor: NXP
                https://mcuxpresso.nxp.com/cmsis_pack/repo/NXP.MIMXRT1011_DFP.15.1.0.pack
                NXP.MIMXRT1011_DFP.15.1.0
                Device Family Pack for MIMXRT1011

<h2>Collection of Component include folders:</h2>
  C:/Keil_v537/Packs/NXP/MIMXRT1011_DFP/15.1.0

<h2>Collection of Component Files used:</h2>
Build Time Elapsed:  00:00:04
</pre>
</body>
</html>
