<html>
<body>
<pre>
<h1>µVision Build Log</h1>
<h2>Tool Versions:</h2>
IDE-Version: ¦ÌVision V5.37.0.0
Copyright (C) 2022 ARM Ltd and ARM Germany GmbH. All rights reserved.
License Information: zhcr spring, jjj, LIC=D0D7S-LTQ66-ARRXW-QA7MX-EBBKQ-Q6E0T
 
Tool Versions:
Toolchain:       MDK-ARM Plus  Version: 5.37.0.0
Toolchain Path:  C:\Keil_v537\ARM\ARMCLANG\Bin
C Compiler:      ArmClang.exe V6.18
Assembler:       Armasm.exe V6.18
Linker/Locator:  ArmLink.exe V6.18
Library Manager: ArmAr.exe V6.18
Hex Converter:   FromElf.exe V6.18
CPU DLL:         SARMCM3.DLL V5.37.0.0
Dialog DLL:      DCM.DLL V1.17.5.0
Target DLL:      CMSIS_AGDI.dll V1.33.12.0
Dialog DLL:      TCM.DLL V1.56.1.0
 
<h2>Project:</h2>
D:\SMonitor_src3\SMonitor_prj_270_frm_255c_af_flexuart_SD5×ötx_AD0×örx_ok_keep\project\SMonitor.uvprojx
Project File Date:  05/08/2023

<h2>Output:</h2>
*** Using Compiler 'V6.18', folder: 'C:\Keil_v537\ARM\ARMCLANG\Bin'
Build target 'SMonitor flexspi_nor_debug'
compiling sai_interrupt_record_playback.c...
linking...
MIMXRT1011xxxxx_flexspi_nor.scf(48): warning: L6329W: Pattern *(CodeQuickAccess) only matches removed unused sections.
Program Size: Code=23658 RO-data=7038 RW-data=16 ZI-data=68180  
Finished: 0 information, 1 warning and 0 error messages.
FromELF: creating hex file...
"flexspi_nor_debug\SMonitor.axf" - 0 Error(s), 1 Warning(s).

<h2>Software Packages used:</h2>

Package Vendor: NXP
                https://mcuxpresso.nxp.com/cmsis_pack/repo/NXP.MIMXRT1011_DFP.15.1.0.pack
                NXP.MIMXRT1011_DFP.15.1.0
                Device Family Pack for MIMXRT1011

<h2>Collection of Component include folders:</h2>
  C:/Keil_v537/Packs/NXP/MIMXRT1011_DFP/15.1.0

<h2>Collection of Component Files used:</h2>
Build Time Elapsed:  00:00:07
</pre>
</body>
</html>
